// Vitest Snapshot v1, https://vitest.dev/guide/snapshot.html

exports[`markdownlint-cli2 > should not allow newlines in link text if EMD004 enabled 1`] = `
"tests/fixtures/newline-in-link-text.md:1 EMD004/no-newline-in-links Newlines inside link text
tests/fixtures/newline-in-link-text.md:4 EMD004/no-newline-in-links Newlines inside link text
tests/fixtures/newline-in-link-text.md:7 EMD004/no-newline-in-links Newlines inside link text
tests/fixtures/newline-in-link-text.md:10 EMD004/no-newline-in-links Newlines inside link text
"
`;

exports[`markdownlint-cli2 > should not allow opening angle brackets if EMD002 enabled 1`] = `
"tests/fixtures/angle-brackets.md:3:13 EMD002/no-angle-brackets No unescaped opening angle brackets in text (does not play nice with MDX) [Unescaped opening angle bracket]
tests/fixtures/angle-brackets.md:9:16 EMD002/no-angle-brackets No unescaped opening angle brackets in text (does not play nice with MDX) [Unescaped opening angle bracket]
tests/fixtures/angle-brackets.md:127:21 EMD002/no-angle-brackets No unescaped opening angle brackets in text (does not play nice with MDX) [Unescaped opening angle bracket]
"
`;

exports[`markdownlint-cli2 > should not allow opening curly braces if EMD003 enabled 1`] = `
"tests/fixtures/curly-braces.md:6:1 EMD003/no-curly-braces No unescaped opening curly braces in text (does not play nice with MDX) [Unescaped opening curly brace]
"
`;
